

exports[`match snapshot`] = `
        <div data-testid='button' className='button-style' >
            save
        </div>
        `;